  Camera.cpp
  DirectionalLight.cpp
  Light.cpp
C:\Users\manwi\Documents\GitHub\Proyecto-Final-Grafica\ProyectoFinal\ProyectoFinal\DirectionalLight.cpp(18,14): warning C4244: 'argumento': conversión de 'GLfloat' a 'GLint'; posible pérdida de datos
C:\Users\manwi\Documents\GitHub\Proyecto-Final-Grafica\ProyectoFinal\ProyectoFinal\DirectionalLight.cpp(19,14): warning C4244: 'argumento': conversión de 'GLfloat' a 'GLint'; posible pérdida de datos
C:\Users\manwi\Documents\GitHub\Proyecto-Final-Grafica\ProyectoFinal\ProyectoFinal\DirectionalLight.cpp(21,14): warning C4244: 'argumento': conversión de 'GLfloat' a 'GLint'; posible pérdida de datos
C:\Users\manwi\Documents\GitHub\Proyecto-Final-Grafica\ProyectoFinal\ProyectoFinal\DirectionalLight.cpp(22,14): warning C4244: 'argumento': conversión de 'GLfloat' a 'GLint'; posible pérdida de datos
  Material.cpp
  Mesh_tn.cpp
  Model.cpp
C:\Users\manwi\Documents\GitHub\Proyecto-Final-Grafica\ProyectoFinal\ProyectoFinal\Model.cpp(17,88): warning C4474: "printf": se pasaron demasiados argumentos para la cadena de formato
      C:\Users\manwi\Documents\GitHub\Proyecto-Final-Grafica\ProyectoFinal\ProyectoFinal\Model.cpp(17,88):
      los marcadores de posición y sus parámetros esperan 1 argumentos variádicos, pero se proporcionaron 2
  
C:\Users\manwi\Documents\GitHub\Proyecto-Final-Grafica\ProyectoFinal\ProyectoFinal\Model.cpp(52,7): warning C4804: '<': uso no seguro del tipo 'bool' en la operación
C:\Users\manwi\Documents\GitHub\Proyecto-Final-Grafica\ProyectoFinal\ProyectoFinal\Model.cpp(111,78): warning C4267: 'argumento': conversión de 'size_t' a 'unsigned int'; posible pérdida de datos
C:\Users\manwi\Documents\GitHub\Proyecto-Final-Grafica\ProyectoFinal\ProyectoFinal\Model.cpp(111,62): warning C4267: 'argumento': conversión de 'size_t' a 'unsigned int'; posible pérdida de datos
C:\Users\manwi\Documents\GitHub\Proyecto-Final-Grafica\ProyectoFinal\ProyectoFinal\Model.cpp(133,40): warning C4267: '=': conversión de 'size_t' a 'int'; posible pérdida de datos
C:\Users\manwi\Documents\GitHub\Proyecto-Final-Grafica\ProyectoFinal\ProyectoFinal\Model.cpp(142,40): warning C4267: '=': conversión de 'size_t' a 'int'; posible pérdida de datos
  PointLight.cpp
C:\Users\manwi\Documents\GitHub\Proyecto-Final-Grafica\ProyectoFinal\ProyectoFinal\PointLight.cpp(28,14): warning C4244: 'argumento': conversión de 'GLfloat' a 'GLint'; posible pérdida de datos
C:\Users\manwi\Documents\GitHub\Proyecto-Final-Grafica\ProyectoFinal\ProyectoFinal\PointLight.cpp(29,14): warning C4244: 'argumento': conversión de 'GLfloat' a 'GLint'; posible pérdida de datos
C:\Users\manwi\Documents\GitHub\Proyecto-Final-Grafica\ProyectoFinal\ProyectoFinal\PointLight.cpp(30,14): warning C4244: 'argumento': conversión de 'GLfloat' a 'GLint'; posible pérdida de datos
C:\Users\manwi\Documents\GitHub\Proyecto-Final-Grafica\ProyectoFinal\ProyectoFinal\PointLight.cpp(32,14): warning C4244: 'argumento': conversión de 'GLfloat' a 'GLint'; posible pérdida de datos
C:\Users\manwi\Documents\GitHub\Proyecto-Final-Grafica\ProyectoFinal\ProyectoFinal\PointLight.cpp(33,14): warning C4244: 'argumento': conversión de 'GLfloat' a 'GLint'; posible pérdida de datos
C:\Users\manwi\Documents\GitHub\Proyecto-Final-Grafica\ProyectoFinal\ProyectoFinal\PointLight.cpp(34,14): warning C4244: 'argumento': conversión de 'GLfloat' a 'GLint'; posible pérdida de datos
C:\Users\manwi\Documents\GitHub\Proyecto-Final-Grafica\ProyectoFinal\ProyectoFinal\PointLight.cpp(35,14): warning C4244: 'argumento': conversión de 'GLfloat' a 'GLint'; posible pérdida de datos
  ProyectoFinal.cpp
C:\Users\manwi\Documents\GitHub\Proyecto-Final-Grafica\ProyectoFinal\ProyectoFinal\Window.h(12,36): warning C4244: 'return': conversión de 'GLint' a 'GLfloat'; posible pérdida de datos
  (compilando archivo de origen "ProyectoFinal.cpp")
  
C:\Users\manwi\Documents\GitHub\Proyecto-Final-Grafica\ProyectoFinal\ProyectoFinal\Window.h(13,37): warning C4244: 'return': conversión de 'GLint' a 'GLfloat'; posible pérdida de datos
  (compilando archivo de origen "ProyectoFinal.cpp")
  
C:\Users\manwi\Documents\GitHub\Proyecto-Final-Grafica\ProyectoFinal\ProyectoFinal\ProyectoFinal.cpp(101,24): warning C4267: 'inicializando': conversión de 'size_t' a 'unsigned int'; posible pérdida de datos
C:\Users\manwi\Documents\GitHub\Proyecto-Final-Grafica\ProyectoFinal\ProyectoFinal\ProyectoFinal.cpp(278,15): warning C4244: 'inicializando': conversión de 'double' a 'GLfloat'; posible pérdida de datos
C:\Users\manwi\Documents\GitHub\Proyecto-Final-Grafica\ProyectoFinal\ProyectoFinal\ProyectoFinal.cpp(280,33): warning C4244: '+=': conversión de 'double' a 'GLfloat'; posible pérdida de datos
  Shader_light.cpp
C:\Users\manwi\Documents\GitHub\Proyecto-Final-Grafica\ProyectoFinal\ProyectoFinal\Shader_light.cpp(101,38): warning C4477: 'snprintf' : la cadena de formato '%d' requiere un argumento de tipo 'int', pero el argumento variádico 1 tiene el tipo 'size_t'
      C:\Users\manwi\Documents\GitHub\Proyecto-Final-Grafica\ProyectoFinal\ProyectoFinal\Shader_light.cpp(101,38):
      considere el uso de ' %zd' en la cadena de formato
  
C:\Users\manwi\Documents\GitHub\Proyecto-Final-Grafica\ProyectoFinal\ProyectoFinal\Shader_light.cpp(104,38): warning C4477: 'snprintf' : la cadena de formato '%d' requiere un argumento de tipo 'int', pero el argumento variádico 1 tiene el tipo 'size_t'
      C:\Users\manwi\Documents\GitHub\Proyecto-Final-Grafica\ProyectoFinal\ProyectoFinal\Shader_light.cpp(104,38):
      considere el uso de ' %zd' en la cadena de formato
  
C:\Users\manwi\Documents\GitHub\Proyecto-Final-Grafica\ProyectoFinal\ProyectoFinal\Shader_light.cpp(107,38): warning C4477: 'snprintf' : la cadena de formato '%d' requiere un argumento de tipo 'int', pero el argumento variádico 1 tiene el tipo 'size_t'
      C:\Users\manwi\Documents\GitHub\Proyecto-Final-Grafica\ProyectoFinal\ProyectoFinal\Shader_light.cpp(107,38):
      considere el uso de ' %zd' en la cadena de formato
  
C:\Users\manwi\Documents\GitHub\Proyecto-Final-Grafica\ProyectoFinal\ProyectoFinal\Shader_light.cpp(110,38): warning C4477: 'snprintf' : la cadena de formato '%d' requiere un argumento de tipo 'int', pero el argumento variádico 1 tiene el tipo 'size_t'
      C:\Users\manwi\Documents\GitHub\Proyecto-Final-Grafica\ProyectoFinal\ProyectoFinal\Shader_light.cpp(110,38):
      considere el uso de ' %zd' en la cadena de formato
  
C:\Users\manwi\Documents\GitHub\Proyecto-Final-Grafica\ProyectoFinal\ProyectoFinal\Shader_light.cpp(113,38): warning C4477: 'snprintf' : la cadena de formato '%d' requiere un argumento de tipo 'int', pero el argumento variádico 1 tiene el tipo 'size_t'
      C:\Users\manwi\Documents\GitHub\Proyecto-Final-Grafica\ProyectoFinal\ProyectoFinal\Shader_light.cpp(113,38):
      considere el uso de ' %zd' en la cadena de formato
  
C:\Users\manwi\Documents\GitHub\Proyecto-Final-Grafica\ProyectoFinal\ProyectoFinal\Shader_light.cpp(116,38): warning C4477: 'snprintf' : la cadena de formato '%d' requiere un argumento de tipo 'int', pero el argumento variádico 1 tiene el tipo 'size_t'
      C:\Users\manwi\Documents\GitHub\Proyecto-Final-Grafica\ProyectoFinal\ProyectoFinal\Shader_light.cpp(116,38):
      considere el uso de ' %zd' en la cadena de formato
  
C:\Users\manwi\Documents\GitHub\Proyecto-Final-Grafica\ProyectoFinal\ProyectoFinal\Shader_light.cpp(119,38): warning C4477: 'snprintf' : la cadena de formato '%d' requiere un argumento de tipo 'int', pero el argumento variádico 1 tiene el tipo 'size_t'
      C:\Users\manwi\Documents\GitHub\Proyecto-Final-Grafica\ProyectoFinal\ProyectoFinal\Shader_light.cpp(119,38):
      considere el uso de ' %zd' en la cadena de formato
  
C:\Users\manwi\Documents\GitHub\Proyecto-Final-Grafica\ProyectoFinal\ProyectoFinal\Shader_light.cpp(129,38): warning C4477: 'snprintf' : la cadena de formato '%d' requiere un argumento de tipo 'int', pero el argumento variádico 1 tiene el tipo 'size_t'
      C:\Users\manwi\Documents\GitHub\Proyecto-Final-Grafica\ProyectoFinal\ProyectoFinal\Shader_light.cpp(129,38):
      considere el uso de ' %zd' en la cadena de formato
  
C:\Users\manwi\Documents\GitHub\Proyecto-Final-Grafica\ProyectoFinal\ProyectoFinal\Shader_light.cpp(132,38): warning C4477: 'snprintf' : la cadena de formato '%d' requiere un argumento de tipo 'int', pero el argumento variádico 1 tiene el tipo 'size_t'
      C:\Users\manwi\Documents\GitHub\Proyecto-Final-Grafica\ProyectoFinal\ProyectoFinal\Shader_light.cpp(132,38):
      considere el uso de ' %zd' en la cadena de formato
  
C:\Users\manwi\Documents\GitHub\Proyecto-Final-Grafica\ProyectoFinal\ProyectoFinal\Shader_light.cpp(135,38): warning C4477: 'snprintf' : la cadena de formato '%d' requiere un argumento de tipo 'int', pero el argumento variádico 1 tiene el tipo 'size_t'
      C:\Users\manwi\Documents\GitHub\Proyecto-Final-Grafica\ProyectoFinal\ProyectoFinal\Shader_light.cpp(135,38):
      considere el uso de ' %zd' en la cadena de formato
  
C:\Users\manwi\Documents\GitHub\Proyecto-Final-Grafica\ProyectoFinal\ProyectoFinal\Shader_light.cpp(138,38): warning C4477: 'snprintf' : la cadena de formato '%d' requiere un argumento de tipo 'int', pero el argumento variádico 1 tiene el tipo 'size_t'
      C:\Users\manwi\Documents\GitHub\Proyecto-Final-Grafica\ProyectoFinal\ProyectoFinal\Shader_light.cpp(138,38):
      considere el uso de ' %zd' en la cadena de formato
  
C:\Users\manwi\Documents\GitHub\Proyecto-Final-Grafica\ProyectoFinal\ProyectoFinal\Shader_light.cpp(141,38): warning C4477: 'snprintf' : la cadena de formato '%d' requiere un argumento de tipo 'int', pero el argumento variádico 1 tiene el tipo 'size_t'
      C:\Users\manwi\Documents\GitHub\Proyecto-Final-Grafica\ProyectoFinal\ProyectoFinal\Shader_light.cpp(141,38):
      considere el uso de ' %zd' en la cadena de formato
  
C:\Users\manwi\Documents\GitHub\Proyecto-Final-Grafica\ProyectoFinal\ProyectoFinal\Shader_light.cpp(144,38): warning C4477: 'snprintf' : la cadena de formato '%d' requiere un argumento de tipo 'int', pero el argumento variádico 1 tiene el tipo 'size_t'
      C:\Users\manwi\Documents\GitHub\Proyecto-Final-Grafica\ProyectoFinal\ProyectoFinal\Shader_light.cpp(144,38):
      considere el uso de ' %zd' en la cadena de formato
  
C:\Users\manwi\Documents\GitHub\Proyecto-Final-Grafica\ProyectoFinal\ProyectoFinal\Shader_light.cpp(147,38): warning C4477: 'snprintf' : la cadena de formato '%d' requiere un argumento de tipo 'int', pero el argumento variádico 1 tiene el tipo 'size_t'
      C:\Users\manwi\Documents\GitHub\Proyecto-Final-Grafica\ProyectoFinal\ProyectoFinal\Shader_light.cpp(147,38):
      considere el uso de ' %zd' en la cadena de formato
  
C:\Users\manwi\Documents\GitHub\Proyecto-Final-Grafica\ProyectoFinal\ProyectoFinal\Shader_light.cpp(150,38): warning C4477: 'snprintf' : la cadena de formato '%d' requiere un argumento de tipo 'int', pero el argumento variádico 1 tiene el tipo 'size_t'
      C:\Users\manwi\Documents\GitHub\Proyecto-Final-Grafica\ProyectoFinal\ProyectoFinal\Shader_light.cpp(150,38):
      considere el uso de ' %zd' en la cadena de formato
  
C:\Users\manwi\Documents\GitHub\Proyecto-Final-Grafica\ProyectoFinal\ProyectoFinal\Shader_light.cpp(153,38): warning C4477: 'snprintf' : la cadena de formato '%d' requiere un argumento de tipo 'int', pero el argumento variádico 1 tiene el tipo 'size_t'
      C:\Users\manwi\Documents\GitHub\Proyecto-Final-Grafica\ProyectoFinal\ProyectoFinal\Shader_light.cpp(153,38):
      considere el uso de ' %zd' en la cadena de formato
  
C:\Users\manwi\Documents\GitHub\Proyecto-Final-Grafica\ProyectoFinal\ProyectoFinal\Shader_light.cpp(207,75): warning C4244: 'argumento': conversión de 'GLuint' a 'GLfloat'; posible pérdida de datos
C:\Users\manwi\Documents\GitHub\Proyecto-Final-Grafica\ProyectoFinal\ProyectoFinal\Shader_light.cpp(207,26): warning C4244: 'argumento': conversión de 'GLuint' a 'GLfloat'; posible pérdida de datos
C:\Users\manwi\Documents\GitHub\Proyecto-Final-Grafica\ProyectoFinal\ProyectoFinal\Shader_light.cpp(206,91): warning C4244: 'argumento': conversión de 'GLuint' a 'GLfloat'; posible pérdida de datos
C:\Users\manwi\Documents\GitHub\Proyecto-Final-Grafica\ProyectoFinal\ProyectoFinal\Shader_light.cpp(206,42): warning C4244: 'argumento': conversión de 'GLuint' a 'GLfloat'; posible pérdida de datos
C:\Users\manwi\Documents\GitHub\Proyecto-Final-Grafica\ProyectoFinal\ProyectoFinal\Shader_light.cpp(220,98): warning C4244: 'argumento': conversión de 'GLuint' a 'GLfloat'; posible pérdida de datos
C:\Users\manwi\Documents\GitHub\Proyecto-Final-Grafica\ProyectoFinal\ProyectoFinal\Shader_light.cpp(220,62): warning C4244: 'argumento': conversión de 'GLuint' a 'GLfloat'; posible pérdida de datos
C:\Users\manwi\Documents\GitHub\Proyecto-Final-Grafica\ProyectoFinal\ProyectoFinal\Shader_light.cpp(220,24): warning C4244: 'argumento': conversión de 'GLuint' a 'GLfloat'; posible pérdida de datos
C:\Users\manwi\Documents\GitHub\Proyecto-Final-Grafica\ProyectoFinal\ProyectoFinal\Shader_light.cpp(219,70): warning C4244: 'argumento': conversión de 'GLuint' a 'GLfloat'; posible pérdida de datos
C:\Users\manwi\Documents\GitHub\Proyecto-Final-Grafica\ProyectoFinal\ProyectoFinal\Shader_light.cpp(219,24): warning C4244: 'argumento': conversión de 'GLuint' a 'GLfloat'; posible pérdida de datos
C:\Users\manwi\Documents\GitHub\Proyecto-Final-Grafica\ProyectoFinal\ProyectoFinal\Shader_light.cpp(218,88): warning C4244: 'argumento': conversión de 'GLuint' a 'GLfloat'; posible pérdida de datos
C:\Users\manwi\Documents\GitHub\Proyecto-Final-Grafica\ProyectoFinal\ProyectoFinal\Shader_light.cpp(218,42): warning C4244: 'argumento': conversión de 'GLuint' a 'GLfloat'; posible pérdida de datos
C:\Users\manwi\Documents\GitHub\Proyecto-Final-Grafica\ProyectoFinal\ProyectoFinal\Shader_light.cpp(269,24): warning C4267: '=': conversión de 'size_t' a 'GLint'; posible pérdida de datos
  Skybox.cpp
C:\Users\manwi\Documents\GitHub\Proyecto-Final-Grafica\ProyectoFinal\ProyectoFinal\Skybox.cpp(30,47): warning C4267: 'argumento': conversión de 'size_t' a 'GLenum'; posible pérdida de datos
  Sphere.cpp
C:\Users\manwi\Documents\GitHub\Proyecto-Final-Grafica\ProyectoFinal\ProyectoFinal\Sphere.cpp(39,13): warning C4244: 'inicializando': conversión de 'double' a 'float'; posible pérdida de datos
C:\Users\manwi\Documents\GitHub\Proyecto-Final-Grafica\ProyectoFinal\ProyectoFinal\Sphere.cpp(43,16): warning C4244: 'inicializando': conversión de 'double' a 'float'; posible pérdida de datos
C:\Users\manwi\Documents\GitHub\Proyecto-Final-Grafica\ProyectoFinal\ProyectoFinal\Sphere.cpp(91,50): warning C4267: 'argumento': conversión de 'size_t' a 'GLsizei'; posible pérdida de datos
C:\Users\manwi\Documents\GitHub\Proyecto-Final-Grafica\ProyectoFinal\ProyectoFinal\Sphere.cpp(94,51): warning C4267: 'argumento': conversión de 'size_t' a 'GLsizei'; posible pérdida de datos
C:\Users\manwi\Documents\GitHub\Proyecto-Final-Grafica\ProyectoFinal\ProyectoFinal\Sphere.cpp(98,50): warning C4267: 'argumento': conversión de 'size_t' a 'GLsizei'; posible pérdida de datos
C:\Users\manwi\Documents\GitHub\Proyecto-Final-Grafica\ProyectoFinal\ProyectoFinal\Sphere.cpp(108,42): warning C4267: 'argumento': conversión de 'size_t' a 'GLsizei'; posible pérdida de datos
  SpotLight.cpp
  Texture.cpp
  Window.cpp
C:\Users\manwi\Documents\GitHub\Proyecto-Final-Grafica\ProyectoFinal\ProyectoFinal\Window.h(12,36): warning C4244: 'return': conversión de 'GLint' a 'GLfloat'; posible pérdida de datos
  (compilando archivo de origen "Window.cpp")
  
C:\Users\manwi\Documents\GitHub\Proyecto-Final-Grafica\ProyectoFinal\ProyectoFinal\Window.h(13,37): warning C4244: 'return': conversión de 'GLint' a 'GLfloat'; posible pérdida de datos
  (compilando archivo de origen "Window.cpp")
  
C:\Users\manwi\Documents\GitHub\Proyecto-Final-Grafica\ProyectoFinal\ProyectoFinal\Window.cpp(139,22): warning C4244: '=': conversión de 'double' a 'GLfloat'; posible pérdida de datos
C:\Users\manwi\Documents\GitHub\Proyecto-Final-Grafica\ProyectoFinal\ProyectoFinal\Window.cpp(140,22): warning C4244: '=': conversión de 'double' a 'GLfloat'; posible pérdida de datos
C:\Users\manwi\Documents\GitHub\Proyecto-Final-Grafica\ProyectoFinal\ProyectoFinal\Window.cpp(144,28): warning C4244: '=': conversión de 'double' a 'GLfloat'; posible pérdida de datos
C:\Users\manwi\Documents\GitHub\Proyecto-Final-Grafica\ProyectoFinal\ProyectoFinal\Window.cpp(145,40): warning C4244: '=': conversión de 'double' a 'GLfloat'; posible pérdida de datos
C:\Users\manwi\Documents\GitHub\Proyecto-Final-Grafica\ProyectoFinal\ProyectoFinal\Window.cpp(147,21): warning C4244: '=': conversión de 'double' a 'GLfloat'; posible pérdida de datos
C:\Users\manwi\Documents\GitHub\Proyecto-Final-Grafica\ProyectoFinal\ProyectoFinal\Window.cpp(148,21): warning C4244: '=': conversión de 'double' a 'GLfloat'; posible pérdida de datos
  Generando código...
C:\Users\manwi\Documents\GitHub\Proyecto-Final-Grafica\ProyectoFinal\ProyectoFinal\Window.cpp(75,1): warning C4715: 'Window::Initialise': no todas las rutas de acceso de control devuelven un valor
LINK : warning LNK4098: la biblioteca predeterminada'MSVCRT' entra en conflicto con otras bibliotecas; use la biblioteca /NODEFAULTLIB:biblioteca
  ProyectoFinal.vcxproj -> C:\Users\manwi\Documents\GitHub\Proyecto-Final-Grafica\ProyectoFinal\x64\Debug\ProyectoFinal.exe
